// Jest Snapshot v1, https://goo.gl/fbAQLP

exports[`AmenitiesList matches the snapshot 1`] = `
<DocumentFragment>
  <div
    class="mb-8"
  >
    <h2
      class="text-xl font-semibold mb-4"
    >
      Popular amenities
    </h2>
    <div
      class="grid grid-cols-2 md:grid-cols-3 gap-4 mb-4"
    >
      <div
        class="flex items-center gap-2"
      >
        <span>
          🚗
        </span>
        <span>
          Parking
        </span>
      </div>
      <div
        class="flex items-center gap-2"
      >
        <span>
          🍳
        </span>
        <span>
          Kitchen
        </span>
      </div>
      <div
        class="flex items-center gap-2"
      >
        <span>
          🧺
        </span>
        <span>
          Washer
        </span>
      </div>
      <div
        class="flex items-center gap-2"
      >
        <span>
          👕
        </span>
        <span>
          Dryer
        </span>
      </div>
      <div
        class="flex items-center gap-2"
      >
        <span>
          🌳
        </span>
        <span>
          Outdoor Space
        </span>
      </div>
      <div
        class="flex items-center gap-2"
      >
        <span>
          🔥
        </span>
        <span>
          Barbecue grill
        </span>
      </div>
    </div>
    <a
      class="text-blue-600 hover:underline"
      href="#"
    >
      See all property amenities →
    </a>
  </div>
</DocumentFragment>
`;
