// Jest Snapshot v1, https://goo.gl/fbAQLP

exports[`HostSection matches the snapshot 1`] = `
<DocumentFragment>
  <div
    class="max-w-7xl ml-20 px-8 font-sans"
  >
    <section
      class="border-t border-b border-gray-200 py-8"
    >
      <div
        class="grid grid-cols-1 md:grid-cols-2 gap-16"
      >
        <div
          class="flex flex-col"
        >
          <h2
            class="text-2xl font-semibold text-gray-900"
          >
            About the host
          </h2>
          <h3
            class="text-xl font-semibold text-gray-900 mt-20"
          >
            Send a message
          </h3>
        </div>
        <div
          class="flex flex-col space-y-8"
        >
          <div
            class="flex items-center"
          >
            <span
              class="text-2xl text-gray-900"
            >
              Hosted by John Doe
            </span>
          </div>
          <div
            class="space-y-2"
          >
            <div
              class="text-2xl text-gray-900"
            >
              Languages:
            </div>
            <div
              class="flex flex-wrap gap-2"
            >
              <span
                class="text-sm text-gray-600"
              >
                English,
              </span>
              <span
                class="text-sm text-gray-600"
              >
                French
              </span>
            </div>
          </div>
          <a
            class="inline-block bg-gray-100 text-blue-600 px-4 py-3 rounded-lg font-medium hover:bg-gray-200 transition-colors text-center"
            href="mailto:john.doe@example.com"
          >
            Contact host
          </a>
        </div>
      </div>
    </section>
  </div>
</DocumentFragment>
`;
